000 (5224793.000.000) 04/22 14:21:05 Job submitted from host: <188.185.133.2:9618?addrs=188.185.133.2-9618+[2001-1458-d03-2--100-208]-9618&alias=bigbird102.cern.ch&noUDP&sock=schedd_361258_84b0>
...
009 (5224793.000.000) 04/22 14:22:23 Job was aborted.
	via condor_rm (by user asabard)
...
000 (5224794.000.000) 04/22 14:22:30 Job submitted from host: <188.185.133.2:9618?addrs=188.185.133.2-9618+[2001-1458-d03-2--100-208]-9618&alias=bigbird102.cern.ch&noUDP&sock=schedd_361258_84b0>
...
040 (5224794.000.000) 04/22 14:22:33 Started transferring input files
	Transferring to host: <188.185.193.59:9618?addrs=188.185.193.59-9618+[2001-1458-303-20--100-37]-9618&alias=b9p19p9983.cern.ch&noUDP&sock=slot1_17_5443_d5f6_211585>
...
040 (5224794.000.000) 04/22 14:22:33 Finished transferring input files
...
001 (5224794.000.000) 04/22 14:22:34 Job executing on host: <188.185.193.59:9618?addrs=188.185.193.59-9618+[2001-1458-303-20--100-37]-9618&alias=b9p19p9983.cern.ch&noUDP&sock=startd_4319_0da0>
	SlotName: slot1_17@b9p19p9983.cern.ch
	CondorScratchDir = "/pool/condor/dir_2199361"
	Cpus = 1
	Disk = 795008
	GPUs = 0
	Memory = 3000
...
006 (5224794.000.000) 04/22 14:22:40 Image size of job updated: 100
	0  -  MemoryUsage of job (MB)
	0  -  ResidentSetSize of job (KB)
...
040 (5224794.000.000) 04/22 14:22:40 Started transferring output files
...
040 (5224794.000.000) 04/22 14:22:40 Finished transferring output files
...
005 (5224794.000.000) 04/22 14:22:40 Job terminated.
	(1) Normal termination (return value 0)
		Usr 0 00:00:00, Sys 0 00:00:00  -  Run Remote Usage
		Usr 0 00:00:00, Sys 0 00:00:00  -  Run Local Usage
		Usr 0 00:00:00, Sys 0 00:00:00  -  Total Remote Usage
		Usr 0 00:00:00, Sys 0 00:00:00  -  Total Local Usage
	2160  -  Run Bytes Sent By Job
	829  -  Run Bytes Received By Job
	2160  -  Total Bytes Sent By Job
	829  -  Total Bytes Received By Job
	Partitionable Resources :    Usage  Request Allocated 
	   Cpus                 :                 1         1 
	   Disk (KB)            :       21        1    795008 
	   GPUs                 :                           0 
	   Memory (MB)          :        0     3000      3000 
	   TimeExecute (s)      :        6                    
	   TimeSlotBusy (s)     :        7                    

	Job terminated of its own accord at 2026-04-22T12:22:40Z with exit-code 0.
...
